// Jest Snapshot v1, https://goo.gl/fbAQLP

exports[`misconfiguration unsupported event 1`] = `
"::error ::Unsupported GitHub event: foo
"
`;
